// Jest Snapshot v1, https://goo.gl/fbAQLP

exports[`<Header /> renders correctly 1`] = `
<View
  style={
    Object {
      "alignItems": "center",
      "backgroundColor": "#F8F8F8",
      "height": 60,
      "justifyContent": "center",
      "shadowColor": "black",
      "shadowOffset": Object {
        "height": 1,
        "width": 0,
      },
      "shadowOpacity": 0.2,
    }
  }
>
  <Text
    style={
      Object {
        "fontSize": 18,
      }
    }
  >
    Movies
  </Text>
</View>
`;
